============================= test session starts =============================
platform win32 -- Python 3.9.13, pytest-7.4.4, pluggy-1.6.0 -- C:\Users\Aquops\AppData\Local\Microsoft\WindowsApps\PythonSoftwareFoundation.Python.3.9_qbz5n2kfra8p0\python.exe
cachedir: .pytest_cache
hypothesis profile 'default' -> database=DirectoryBasedExampleDatabase(WindowsPath('D:/design/.hypothesis/examples'))
rootdir: D:\design
plugins: anyio-4.12.1, hypothesis-6.98.3, asyncio-0.23.3
asyncio: mode=strict
collecting ... collected 289 items

tests/test_audit_logger.py::TestAuditLogger::test_generate_log_id_uniqueness PASSED [  0%]
tests/test_audit_logger.py::TestAuditLogger::test_generate_log_id_format PASSED [  0%]
tests/test_audit_logger.py::TestAuditLogger::test_truncate_details_short_text PASSED [  1%]
tests/test_audit_logger.py::TestAuditLogger::test_truncate_details_exactly_1024_chars PASSED [  1%]
tests/test_audit_logger.py::TestAuditLogger::test_truncate_details_long_text PASSED [  1%]
tests/test_audit_logger.py::TestAuditLogger::test_log_auth_event_success PASSED [  2%]
tests/test_audit_logger.py::TestAuditLogger::test_log_auth_event_failure PASSED [  2%]
tests/test_audit_logger.py::TestAuditLogger::test_log_auth_event_with_custom_details PASSED [  2%]
tests/test_audit_logger.py::TestAuditLogger::test_log_auth_event_default_ip_address PASSED [  3%]
tests/test_audit_logger.py::TestAuditLogger::test_log_data_transfer_encrypted PASSED [  3%]
tests/test_audit_logger.py::TestAuditLogger::test_log_data_transfer_unencrypted PASSED [  3%]
tests/test_audit_logger.py::TestAuditLogger::test_log_data_transfer_with_custom_details PASSED [  4%]
tests/test_audit_logger.py::TestAuditLogger::test_log_certificate_operation_issued PASSED [  4%]
tests/test_audit_logger.py::TestAuditLogger::test_log_certificate_operation_revoked PASSED [  4%]
tests/test_audit_logger.py::TestAuditLogger::test_log_certificate_operation_without_vehicle_id PASSED [  5%]
tests/test_audit_logger.py::TestAuditLogger::test_log_certificate_operation_with_custom_details PASSED [  5%]
tests/test_audit_logger.py::TestAuditLogger::test_log_certificate_operation_case_insensitive PASSED [  5%]
tests/test_audit_logger.py::TestAuditLogger::test_persist_log_success PASSED [  6%]
tests/test_audit_logger.py::TestAuditLogger::test_persist_log_failure PASSED [  6%]
tests/test_audit_logger.py::TestAuditLogger::test_persist_log_zero_rows_affected PASSED [  6%]
tests/test_audit_logger.py::TestAuditLogger::test_log_auth_event_truncates_long_details PASSED [  7%]
tests/test_audit_logger.py::TestAuditLogger::test_log_data_transfer_truncates_long_details PASSED [  7%]
tests/test_audit_logger.py::TestAuditLogger::test_log_certificate_operation_truncates_long_details PASSED [  7%]
tests/test_audit_logger.py::TestAuditLogger::test_create_audit_logger PASSED [  8%]
tests/test_audit_logger.py::TestAuditLogger::test_multiple_log_entries_unique_ids PASSED [  8%]
tests/test_audit_logger.py::TestAuditLogQuery::test_query_audit_logs_no_filters PASSED [  8%]
tests/test_audit_logger.py::TestAuditLogQuery::test_query_audit_logs_by_time_range PASSED [  9%]
tests/test_audit_logger.py::TestAuditLogQuery::test_query_audit_logs_by_start_time_only PASSED [  9%]
tests/test_audit_logger.py::TestAuditLogQuery::test_query_audit_logs_by_end_time_only PASSED [ 10%]
tests/test_audit_logger.py::TestAuditLogQuery::test_query_audit_logs_by_vehicle_id PASSED [ 10%]
tests/test_audit_logger.py::TestAuditLogQuery::test_query_audit_logs_by_event_type PASSED [ 10%]
tests/test_audit_logger.py::TestAuditLogQuery::test_query_audit_logs_by_operation_result_success PASSED [ 11%]
tests/test_audit_logger.py::TestAuditLogQuery::test_query_audit_logs_by_operation_result_failure PASSED [ 11%]
tests/test_audit_logger.py::TestAuditLogQuery::test_query_audit_logs_multiple_filters PASSED [ 11%]
tests/test_audit_logger.py::TestAuditLogQuery::test_query_audit_logs_empty_result PASSED [ 12%]
tests/test_audit_logger.py::TestAuditLogQuery::test_query_audit_logs_returns_audit_log_objects PASSED [ 12%]
tests/test_audit_logger.py::TestAuditLogQuery::test_query_audit_logs_ordered_by_timestamp_desc PASSED [ 12%]
tests/test_audit_logger.py::TestAuditLogQuery::test_query_audit_logs_database_error PASSED [ 13%]
tests/test_audit_logger.py::TestAuditLogQuery::test_query_audit_logs_with_none_params PASSED [ 13%]
tests/test_audit_logger.py::TestAuditLogQuery::test_query_audit_logs_preserves_log_details PASSED [ 13%]
tests/test_audit_logger.py::TestAuditLogQuery::test_query_audit_logs_different_event_types PASSED [ 14%]
tests/test_audit_logger.py::TestAuditReportExport::test_export_audit_report_json_format PASSED [ 14%]
tests/test_audit_logger.py::TestAuditReportExport::test_export_audit_report_csv_format PASSED [ 14%]
tests/test_audit_logger.py::TestAuditReportExport::test_export_audit_report_default_format PASSED [ 15%]
tests/test_audit_logger.py::TestAuditReportExport::test_export_audit_report_empty_logs PASSED [ 15%]
tests/test_audit_logger.py::TestAuditReportExport::test_export_audit_report_invalid_format PASSED [ 15%]
tests/test_audit_logger.py::TestAuditReportExport::test_export_audit_report_json_contains_all_fields PASSED [ 16%]
tests/test_audit_logger.py::TestAuditReportExport::test_export_audit_report_csv_contains_all_fields PASSED [ 16%]
tests/test_audit_logger.py::TestAuditReportExport::test_export_audit_report_time_range_filtering PASSED [ 16%]
tests/test_audit_logger.py::TestAuditReportExport::test_export_audit_report_json_readable_format PASSED [ 17%]
tests/test_audit_logger.py::TestAuditReportExport::test_export_audit_report_json_chinese_characters PASSED [ 17%]
tests/test_audit_logger.py::TestAuditReportExport::test_export_audit_report_large_dataset PASSED [ 17%]
tests/test_audit_logger.py::TestAuditReportExport::test_export_audit_report_metadata_accuracy PASSED [ 18%]
tests/test_audit_logger_integration.py::TestAuditLoggerIntegration::test_complete_workflow_record_and_query PASSED [ 18%]
tests/test_audit_logger_integration.py::TestAuditLoggerIntegration::test_time_range_filtering PASSED [ 19%]
tests/test_audit_logger_integration.py::TestAuditLoggerIntegration::test_query_performance_with_multiple_logs PASSED [ 19%]
tests/test_audit_logger_integration.py::TestAuditLoggerIntegration::test_empty_query_results PASSED [ 19%]
tests/test_audit_logger_integration.py::TestAuditLoggerIntegration::test_query_returns_sorted_results PASSED [ 20%]
tests/test_audit_model.py::TestAuditLog::test_audit_log_creation PASSED  [ 20%]
tests/test_audit_model.py::TestAuditLog::test_audit_log_details_truncation PASSED [ 20%]
tests/test_audit_model.py::TestAuditLog::test_audit_log_serialization PASSED [ 21%]
tests/test_audit_model.py::TestAuditLog::test_audit_log_deserialization PASSED [ 21%]
tests/test_audit_model.py::TestAuditLog::test_audit_log_roundtrip PASSED [ 21%]
tests/test_audit_model.py::TestAuditLog::test_audit_log_all_event_types PASSED [ 22%]
tests/test_audit_model.py::TestAuditLog::test_audit_log_with_datetime_object PASSED [ 22%]
tests/test_audit_model.py::TestAuditLog::test_audit_log_empty_details PASSED [ 22%]
tests/test_audit_model.py::TestAuditLog::test_audit_log_exactly_1024_chars PASSED [ 23%]
tests/test_authentication.py::TestGenerateChallenge::test_challenge_length PASSED [ 23%]
tests/test_authentication.py::TestGenerateChallenge::test_challenge_uniqueness PASSED [ 23%]
tests/test_authentication.py::TestGenerateChallenge::test_challenge_type PASSED [ 24%]
tests/test_authentication.py::TestVerifyChallenge::test_valid_challenge_response PASSED [ 24%]
tests/test_authentication.py::TestVerifyChallenge::test_invalid_challenge_response PASSED [ 24%]
tests/test_authentication.py::TestVerifyChallenge::test_invalid_response_length PASSED [ 25%]
tests/test_authentication.py::TestVerifyChallenge::test_invalid_challenge_length PASSED [ 25%]
tests/test_authentication.py::TestVerifyChallenge::test_invalid_public_key_length PASSED [ 25%]
tests/test_authentication.py::TestAuthenticateVehicle::test_valid_vehicle_authentication PASSED [ 26%]
tests/test_authentication.py::TestAuthenticateVehicle::test_invalid_vehicle_certificate PASSED [ 26%]
tests/test_authentication.py::TestAuthenticateGateway::test_valid_gateway_authentication PASSED [ 26%]
tests/test_authentication.py::TestMutualAuthentication::test_successful_mutual_authentication PASSED [ 27%]
tests/test_authentication.py::TestMutualAuthentication::test_failed_vehicle_certificate_verification PASSED [ 27%]
tests/test_authentication.py::TestEstablishSession::test_successful_session_establishment PASSED [ 28%]
tests/test_authentication.py::TestEstablishSession::test_expired_token PASSED [ 28%]
tests/test_authentication.py::TestEstablishSession::test_mismatched_vehicle_id PASSED [ 28%]
tests/test_authentication.py::TestCloseSession::test_successful_session_close PASSED [ 29%]
tests/test_authentication.py::TestCloseSession::test_close_nonexistent_session PASSED [ 29%]
tests/test_authentication.py::TestHandleSessionConflict::test_no_conflict PASSED [ 29%]
tests/test_authentication.py::TestHandleSessionConflict::test_reject_new_strategy PASSED [ 30%]
tests/test_authentication.py::TestHandleSessionConflict::test_terminate_old_strategy PASSED [ 30%]
tests/test_authentication.py::TestHandleSessionConflict::test_invalid_strategy PASSED [ 30%]
tests/test_authentication.py::TestCleanupExpiredSessions::test_cleanup_expired_sessions PASSED [ 31%]
tests/test_authentication_integration.py::TestAuthenticationIntegration::test_complete_authentication_flow PASSED [ 31%]
tests/test_authentication_integration.py::TestAuthenticationIntegration::test_authentication_with_expired_certificate PASSED [ 31%]
tests/test_authentication_integration.py::TestAuthenticationIntegration::test_session_conflict_handling PASSED [ 32%]
tests/test_authentication_integration.py::TestAuthenticationIntegration::test_multiple_vehicles_authentication PASSED [ 32%]
tests/test_authentication_integration.py::TestAuthenticationIntegration::test_authentication_with_revoked_certificate PASSED [ 32%]
tests/test_certificate_integration.py::test_complete_certificate_issuance_workflow PASSED [ 33%]
tests/test_certificate_integration.py::test_multiple_certificates_have_unique_serial_numbers PASSED [ 33%]
tests/test_certificate_integration.py::test_certificate_validity_period_is_one_year PASSED [ 33%]
tests/test_certificate_manager.py::TestGenerateUniqueSerialNumber::test_serial_number_length PASSED [ 34%]
tests/test_certificate_manager.py::TestGenerateUniqueSerialNumber::test_serial_number_is_hex PASSED [ 34%]
tests/test_certificate_manager.py::TestGenerateUniqueSerialNumber::test_serial_numbers_are_unique PASSED [ 34%]
tests/test_certificate_manager.py::TestCreateDistinguishedName::test_distinguished_name_format PASSED [ 35%]
tests/test_certificate_manager.py::TestCreateDistinguishedName::test_distinguished_name_with_special_chars PASSED [ 35%]
tests/test_certificate_manager.py::TestCreateCertificateExtensions::test_default_extensions PASSED [ 35%]
tests/test_certificate_manager.py::TestEncodeTBSCertificate::test_encode_produces_bytes PASSED [ 36%]
tests/test_certificate_manager.py::TestEncodeTBSCertificate::test_encode_is_deterministic PASSED [ 36%]
tests/test_certificate_manager.py::TestIssueCertificate::test_issue_certificate_success PASSED [ 37%]
tests/test_certificate_manager.py::TestIssueCertificate::test_issue_certificate_invalid_subject_info PASSED [ 37%]
tests/test_certificate_manager.py::TestIssueCertificate::test_issue_certificate_empty_vehicle_id PASSED [ 37%]
tests/test_certificate_manager.py::TestIssueCertificate::test_issue_certificate_invalid_public_key_length PASSED [ 38%]
tests/test_certificate_manager.py::TestIssueCertificate::test_issue_certificate_invalid_private_key_length PASSED [ 38%]
tests/test_certificate_manager.py::TestIssueCertificate::test_issue_certificate_signature_verification PASSED [ 38%]
tests/test_certificate_manager.py::TestIssueCertificate::test_issue_certificate_subject_fields PASSED [ 39%]
tests/test_certificate_manager.py::TestIssueCertificate::test_issue_certificate_issuer_is_ca PASSED [ 39%]
tests/test_certificate_manager.py::TestIssueCertificate::test_issue_certificate_public_key_stored PASSED [ 39%]
tests/test_certificate_manager.py::TestVerifyCertificate::test_verify_valid_certificate PASSED [ 40%]
tests/test_certificate_manager.py::TestVerifyCertificate::test_verify_certificate_expired PASSED [ 40%]
tests/test_certificate_manager.py::TestVerifyCertificate::test_verify_certificate_not_yet_valid PASSED [ 40%]
tests/test_certificate_manager.py::TestVerifyCertificate::test_verify_revoked_certificate PASSED [ 41%]
tests/test_certificate_manager.py::TestVerifyCertificate::test_verify_certificate_invalid_signature PASSED [ 41%]
tests/test_certificate_manager.py::TestVerifyCertificate::test_verify_certificate_invalid_format_empty_serial PASSED [ 41%]
tests/test_certificate_manager.py::TestVerifyCertificate::test_verify_certificate_invalid_format_wrong_algorithm PASSED [ 42%]
tests/test_certificate_manager.py::TestVerifyCertificate::test_verify_certificate_invalid_format_wrong_public_key_length PASSED [ 42%]
tests/test_certificate_manager.py::TestVerifyCertificate::test_verify_certificate_none_certificate PASSED [ 42%]
tests/test_certificate_manager.py::TestVerifyCertificate::test_verify_certificate_none_ca_public_key PASSED [ 43%]
tests/test_certificate_manager.py::TestVerifyCertificate::test_verify_certificate_invalid_ca_public_key_length PASSED [ 43%]
tests/test_certificate_manager.py::TestVerifyCertificate::test_verify_certificate_none_crl_list PASSED [ 43%]
tests/test_certificate_manager.py::TestVerifyCertificate::test_verify_certificate_with_multiple_revoked_certs PASSED [ 44%]
tests/test_certificate_manager.py::TestRevokeCertificate::test_revoke_certificate_success PASSED [ 44%]
tests/test_certificate_manager.py::TestRevokeCertificate::test_revoke_certificate_with_reason PASSED [ 44%]
tests/test_certificate_manager.py::TestRevokeCertificate::test_revoke_certificate_without_reason PASSED [ 45%]
tests/test_certificate_manager.py::TestRevokeCertificate::test_revoke_certificate_already_revoked PASSED [ 45%]
tests/test_certificate_manager.py::TestRevokeCertificate::test_revoke_certificate_not_found PASSED [ 46%]
tests/test_certificate_manager.py::TestRevokeCertificate::test_revoke_certificate_empty_serial_number PASSED [ 46%]
tests/test_certificate_manager.py::TestRevokeCertificate::test_revoke_certificate_none_serial_number PASSED [ 46%]
tests/test_certificate_manager.py::TestRevokeCertificate::test_revoke_certificate_serial_number_too_long PASSED [ 47%]
tests/test_certificate_manager.py::TestRevokeCertificate::test_revoke_certificate_audit_log_recorded PASSED [ 47%]
tests/test_certificate_manager.py::TestRevokeCertificate::test_revoke_certificate_verification_failure PASSED [ 47%]
tests/test_certificate_model.py::test_subject_info_serialization PASSED  [ 48%]
tests/test_certificate_model.py::test_certificate_extensions_serialization PASSED [ 48%]
tests/test_certificate_model.py::test_certificate_extensions_default_values PASSED [ 48%]
tests/test_certificate_model.py::test_certificate_serialization PASSED   [ 49%]
tests/test_certificate_model.py::test_certificate_is_valid_period PASSED [ 49%]
tests/test_certificate_model.py::test_certificate_roundtrip PASSED       [ 49%]
tests/test_crl_management.py::TestGetCRL::test_get_crl_empty PASSED      [ 50%]
tests/test_crl_management.py::TestGetCRL::test_get_crl_with_revoked_certificates PASSED [ 50%]
tests/test_crl_management.py::TestGetCRL::test_get_crl_single_revoked_certificate PASSED [ 50%]
tests/test_crl_management.py::TestGetCRL::test_get_crl_query_format PASSED [ 51%]
tests/test_crl_management.py::TestGetCertificateChain::test_get_certificate_chain_single_level PASSED [ 51%]
tests/test_crl_management.py::TestGetCertificateChain::test_get_certificate_chain_ca_issued PASSED [ 51%]
tests/test_crl_management.py::TestGetCertificateChain::test_get_certificate_chain_none_certificate PASSED [ 52%]
tests/test_crl_management.py::TestGetCertificateChain::test_get_certificate_chain_empty_serial_number PASSED [ 52%]
tests/test_crl_management.py::TestGetCertificateChain::test_get_certificate_chain_non_ca_issuer PASSED [ 52%]
tests/test_crl_management.py::TestCheckCertificateExpiry::test_check_certificate_expiry_valid PASSED [ 53%]
tests/test_crl_management.py::TestCheckCertificateExpiry::test_check_certificate_expiry_expired PASSED [ 53%]
tests/test_crl_management.py::TestCheckCertificateExpiry::test_check_certificate_expiry_not_yet_valid PASSED [ 53%]
tests/test_crl_management.py::TestCheckCertificateExpiry::test_check_certificate_expiry_expiring_soon PASSED [ 54%]
tests/test_crl_management.py::TestCheckCertificateExpiry::test_check_certificate_expiry_none_certificate PASSED [ 54%]
tests/test_crl_management.py::TestCheckCertificateExpiry::test_check_certificate_expiry_invalid_valid_from PASSED [ 55%]
tests/test_crl_management.py::TestCheckCertificateExpiry::test_check_certificate_expiry_invalid_valid_to PASSED [ 55%]
tests/test_crl_management.py::TestCheckCertificateExpiry::test_check_certificate_expiry_invalid_period PASSED [ 55%]
tests/test_crl_management.py::TestCheckCertificateExpiry::test_check_certificate_expiry_result_structure PASSED [ 56%]
tests/test_crl_management.py::TestCheckCertificateExpiry::test_check_certificate_expiry_does_not_modify_certificate PASSED [ 56%]
tests/test_error_handling.py::TestCertificateValidationFailure::test_expired_certificate_handling PASSED [ 56%]
tests/test_error_handling.py::TestCertificateValidationFailure::test_revoked_certificate_handling PASSED [ 57%]
tests/test_error_handling.py::TestCertificateValidationFailure::test_invalid_signature_certificate_handling PASSED [ 57%]
tests/test_error_handling.py::TestSignatureVerificationFailure::test_tampered_message_signature_failure PASSED [ 57%]
tests/test_error_handling.py::TestSignatureVerificationFailure::test_wrong_public_key_signature_failure PASSED [ 58%]
tests/test_error_handling.py::TestSessionExpiration::test_expired_session_data_forwarding PASSED [ 58%]
tests/test_error_handling.py::TestSessionExpiration::test_expired_session_response_sending PASSED [ 58%]
tests/test_error_handling.py::TestReplayAttackDetection::test_replay_attack_with_same_nonce PASSED [ 59%]
tests/test_error_handling.py::TestEncryptionDecryptionFailure::test_decryption_with_wrong_key PASSED [ 59%]
tests/test_error_handling.py::TestEncryptionDecryptionFailure::test_encryption_failure_handling PASSED [ 59%]
tests/test_error_handling.py::TestCAServiceUnavailability::test_certificate_verification_with_db_error PASSED [ 60%]
tests/test_error_handling.py::TestAuditLogging::test_all_errors_logged_to_audit PASSED [ 60%]
tests/test_error_handling.py::TestAuditLogging::test_error_details_in_audit_logs PASSED [ 60%]
tests/test_error_handling.py::TestIntegratedErrorHandling::test_complete_error_handling_flow PASSED [ 61%]
tests/test_export_integration.py::TestAuditReportExportIntegration::test_export_json_report_with_real_data PASSED [ 61%]
tests/test_export_integration.py::TestAuditReportExportIntegration::test_export_csv_report_with_real_data PASSED [ 61%]
tests/test_export_integration.py::TestAuditReportExportIntegration::test_export_report_with_time_range PASSED [ 62%]
tests/test_export_integration.py::TestAuditReportExportIntegration::test_export_empty_report PASSED [ 62%]
tests/test_export_integration.py::TestAuditReportExportIntegration::test_export_report_formats_comparison PASSED [ 62%]
tests/test_message_model.py::TestMessageHeader::test_create_message_header PASSED [ 63%]
tests/test_message_model.py::TestMessageHeader::test_message_header_to_dict PASSED [ 63%]
tests/test_message_model.py::TestMessageHeader::test_message_header_from_dict PASSED [ 64%]
tests/test_message_model.py::TestMessageHeader::test_message_header_from_dict_invalid_data PASSED [ 64%]
tests/test_message_model.py::TestMessageHeader::test_message_header_from_dict_invalid_message_type PASSED [ 64%]
tests/test_message_model.py::TestMessageHeader::test_message_header_validate_success PASSED [ 65%]
tests/test_message_model.py::TestMessageHeader::test_message_header_validate_invalid_version PASSED [ 65%]
tests/test_message_model.py::TestMessageHeader::test_message_header_validate_empty_sender_id PASSED [ 65%]
tests/test_message_model.py::TestMessageHeader::test_message_header_validate_empty_receiver_id PASSED [ 66%]
tests/test_message_model.py::TestMessageHeader::test_message_header_validate_empty_session_id PASSED [ 66%]
tests/test_message_model.py::TestSecureMessage::test_create_secure_message PASSED [ 66%]
tests/test_message_model.py::TestSecureMessage::test_secure_message_to_dict PASSED [ 67%]
tests/test_message_model.py::TestSecureMessage::test_secure_message_from_dict PASSED [ 67%]
tests/test_message_model.py::TestSecureMessage::test_secure_message_from_dict_invalid_data PASSED [ 67%]
tests/test_message_model.py::TestSecureMessage::test_is_timestamp_valid_within_tolerance PASSED [ 68%]
tests/test_message_model.py::TestSecureMessage::test_is_timestamp_valid_outside_tolerance PASSED [ 68%]
tests/test_message_model.py::TestSecureMessage::test_is_nonce_valid_correct_length PASSED [ 68%]
tests/test_message_model.py::TestSecureMessage::test_is_nonce_valid_incorrect_length PASSED [ 69%]
tests/test_message_model.py::TestSecureMessage::test_validate_success PASSED [ 69%]
tests/test_message_model.py::TestSecureMessage::test_validate_invalid_nonce_length PASSED [ 69%]
tests/test_message_model.py::TestSecureMessage::test_validate_invalid_timestamp PASSED [ 70%]
tests/test_message_model.py::TestSecureMessage::test_validate_empty_encrypted_payload PASSED [ 70%]
tests/test_message_model.py::TestSecureMessage::test_validate_empty_signature PASSED [ 70%]
tests/test_message_model.py::TestSecureMessage::test_has_required_fields_all_present PASSED [ 71%]
tests/test_message_model.py::TestSecureMessage::test_roundtrip_serialization PASSED [ 71%]
tests/test_secure_messaging.py::TestSecureDataTransmission::test_secure_data_transmission_success PASSED [ 71%]
tests/test_secure_messaging.py::TestVerifyAndDecryptMessage::test_verify_and_decrypt_success PASSED [ 72%]
tests/test_secure_messaging.py::TestVerifyAndDecryptMessage::test_verify_and_decrypt_replay_attack_detection PASSED [ 72%]
tests/test_secure_messaging.py::TestVerifyAndDecryptMessage::test_verify_and_decrypt_nonce_marked_as_used PASSED [ 73%]
tests/test_security_gateway.py::TestSecurityGatewayInitialization::test_initialization_with_valid_keys PASSED [ 73%]
tests/test_security_gateway.py::TestSecurityGatewayInitialization::test_initialization_with_invalid_ca_private_key_length PASSED [ 73%]
tests/test_security_gateway.py::TestSecurityGatewayInitialization::test_initialization_with_invalid_ca_public_key_length PASSED [ 74%]
tests/test_security_gateway.py::TestCertificateManagement::test_issue_vehicle_certificate PASSED [ 74%]
tests/test_security_gateway.py::TestCertificateManagement::test_verify_vehicle_certificate PASSED [ 74%]
tests/test_security_gateway.py::TestCertificateManagement::test_revoke_vehicle_certificate PASSED [ 75%]
tests/test_security_gateway.py::TestCertificateManagement::test_check_certificate_status PASSED [ 75%]
tests/test_security_gateway.py::TestAuthentication::test_authenticate_vehicle_success PASSED [ 75%]
tests/test_security_gateway.py::TestAuthentication::test_authenticate_vehicle_with_expired_certificate PASSED [ 76%]
tests/test_security_gateway.py::TestSessionManagement::test_create_session PASSED [ 76%]
tests/test_security_gateway.py::TestSessionManagement::test_create_session_with_failed_auth PASSED [ 76%]
tests/test_security_gateway.py::TestSessionManagement::test_terminate_session PASSED [ 77%]
tests/test_security_gateway.py::TestSessionManagement::test_cleanup_sessions PASSED [ 77%]
tests/test_security_gateway.py::TestSecureMessaging::test_send_secure_message PASSED [ 77%]
tests/test_security_gateway.py::TestSecureMessaging::test_receive_secure_message PASSED [ 78%]
tests/test_security_gateway.py::TestSecureMessaging::test_receive_tampered_message PASSED [ 78%]
tests/test_security_gateway.py::TestContextManager::test_context_manager PASSED [ 78%]
tests/test_security_gateway.py::TestIntegration::test_complete_vehicle_authentication_flow PASSED [ 79%]
tests/test_security_gateway.py::TestSecureDataForwarding::test_forward_vehicle_data_to_cloud_success PASSED [ 79%]
tests/test_security_gateway.py::TestSecureDataForwarding::test_forward_vehicle_data_with_invalid_session PASSED [ 79%]
tests/test_security_gateway.py::TestSecureDataForwarding::test_send_cloud_response_to_vehicle_success PASSED [ 80%]
tests/test_security_gateway.py::TestSecureDataForwarding::test_send_cloud_response_with_invalid_session PASSED [ 80%]
tests/test_security_gateway.py::TestSecureDataForwarding::test_handle_secure_data_forwarding_complete_flow PASSED [ 80%]
tests/test_security_gateway.py::TestSecureDataForwarding::test_handle_secure_data_forwarding_with_tampered_message PASSED [ 81%]
tests/test_security_gateway.py::TestSecureDataForwarding::test_data_forwarding_audit_logging PASSED [ 81%]
tests/test_security_gateway.py::TestSecureDataForwarding::test_data_forwarding_with_large_payload PASSED [ 82%]
tests/test_security_gateway.py::TestSecureDataForwarding::test_multiple_data_forwarding_in_same_session PASSED [ 82%]
tests/test_security_gateway.py::TestSecureDataForwarding::test_data_forwarding_sequence_diagram_flow PASSED [ 82%]
tests/test_security_gateway.py::TestVehicleConnectionFlow::test_handle_vehicle_connection_success PASSED [ 83%]
tests/test_security_gateway.py::TestVehicleConnectionFlow::test_handle_vehicle_connection_with_invalid_certificate PASSED [ 83%]
tests/test_security_gateway.py::TestVehicleConnectionFlow::test_handle_vehicle_connection_with_expired_certificate PASSED [ 83%]
tests/test_security_gateway.py::TestVehicleConnectionFlow::test_handle_vehicle_connection_with_revoked_certificate PASSED [ 84%]
tests/test_security_gateway.py::TestVehicleConnectionFlow::test_handle_vehicle_connection_without_ip_address PASSED [ 84%]
tests/test_security_gateway.py::TestVehicleConnectionFlow::test_handle_vehicle_connection_audit_logging PASSED [ 84%]
tests/test_security_gateway.py::TestVehicleConnectionFlow::test_handle_vehicle_connection_multiple_vehicles PASSED [ 85%]
tests/test_security_gateway.py::TestVehicleConnectionFlow::test_handle_vehicle_connection_sequence_diagram_flow PASSED [ 85%]
tests/test_sm2.py::TestGenerateSM2KeyPair::test_generate_keypair PASSED  [ 85%]
tests/test_sm2.py::TestGenerateSM2KeyPair::test_keypair_uniqueness PASSED [ 86%]
tests/test_sm2.py::TestGenerateSM2KeyPair::test_public_key_derived_from_private_key PASSED [ 86%]
tests/test_sm2.py::TestSM2Sign::test_sign_bytes PASSED                   [ 86%]
tests/test_sm2.py::TestSM2Sign::test_sign_empty_data PASSED              [ 87%]
tests/test_sm2.py::TestSM2Sign::test_sign_invalid_private_key_length PASSED [ 87%]
tests/test_sm2.py::TestSM2Sign::test_signature_length PASSED             [ 87%]
tests/test_sm2.py::TestSM2Sign::test_same_data_different_key PASSED      [ 88%]
tests/test_sm2.py::TestSM2Verify::test_verify_valid_signature PASSED     [ 88%]
tests/test_sm2.py::TestSM2Verify::test_verify_invalid_signature PASSED   [ 88%]
tests/test_sm2.py::TestSM2Verify::test_verify_tampered_data PASSED       [ 89%]
tests/test_sm2.py::TestSM2Verify::test_verify_wrong_public_key PASSED    [ 89%]
tests/test_sm2.py::TestSM2Verify::test_verify_empty_data PASSED          [ 89%]
tests/test_sm2.py::TestSM2Verify::test_verify_invalid_signature_length PASSED [ 90%]
tests/test_sm2.py::TestSM2Verify::test_verify_invalid_public_key_length PASSED [ 90%]
tests/test_sm2.py::TestSM2SignVerifyRoundtrip::test_roundtrip_various_data PASSED [ 91%]
tests/test_sm2.py::TestSM2SignVerifyRoundtrip::test_roundtrip_unicode PASSED [ 91%]
tests/test_sm2.py::TestSM2SignVerifyRoundtrip::test_multiple_signatures_same_data PASSED [ 91%]
tests/test_sm2.py::TestSM2SignVerifyRoundtrip::test_signature_non_deterministic PASSED [ 92%]
tests/test_sm4.py::TestGenerateSM4Key::test_generate_16_byte_key PASSED  [ 92%]
tests/test_sm4.py::TestGenerateSM4Key::test_generate_32_byte_key PASSED  [ 92%]
tests/test_sm4.py::TestGenerateSM4Key::test_generate_default_key PASSED  [ 93%]
tests/test_sm4.py::TestGenerateSM4Key::test_generate_invalid_key_length PASSED [ 93%]
tests/test_sm4.py::TestGenerateSM4Key::test_key_uniqueness PASSED        [ 93%]
tests/test_sm4.py::TestSM4Encrypt::test_encrypt_bytes PASSED             [ 94%]
tests/test_sm4.py::TestSM4Encrypt::test_encrypt_string PASSED            [ 94%]
tests/test_sm4.py::TestSM4Encrypt::test_encrypt_with_32_byte_key PASSED  [ 94%]
tests/test_sm4.py::TestSM4Encrypt::test_encrypt_empty_plaintext PASSED   [ 95%]
tests/test_sm4.py::TestSM4Encrypt::test_encrypt_invalid_key_length PASSED [ 95%]
tests/test_sm4.py::TestSM4Encrypt::test_ciphertext_length PASSED         [ 95%]
tests/test_sm4.py::TestSM4Encrypt::test_same_plaintext_different_key PASSED [ 96%]
tests/test_sm4.py::TestSM4Decrypt::test_decrypt_bytes PASSED             [ 96%]
tests/test_sm4.py::TestSM4Decrypt::test_decrypt_string PASSED            [ 96%]
tests/test_sm4.py::TestSM4Decrypt::test_decrypt_with_32_byte_key PASSED  [ 97%]
tests/test_sm4.py::TestSM4Decrypt::test_decrypt_empty_ciphertext PASSED  [ 97%]
tests/test_sm4.py::TestSM4Decrypt::test_decrypt_invalid_ciphertext_length PASSED [ 97%]
tests/test_sm4.py::TestSM4Decrypt::test_decrypt_invalid_key_length PASSED [ 98%]
tests/test_sm4.py::TestSM4Decrypt::test_decrypt_with_wrong_key PASSED    [ 98%]
tests/test_sm4.py::TestSM4Decrypt::test_decrypt_corrupted_ciphertext PASSED [ 98%]
tests/test_sm4.py::TestSM4EncryptDecryptRoundtrip::test_roundtrip_various_lengths PASSED [ 99%]
tests/test_sm4.py::TestSM4EncryptDecryptRoundtrip::test_roundtrip_with_32_byte_key PASSED [ 99%]
tests/test_sm4.py::TestSM4EncryptDecryptRoundtrip::test_roundtrip_unicode PASSED [100%]

============================== warnings summary ===============================
tests\test_export_integration.py:17
  D:\design\tests\test_export_integration.py:17: PytestUnknownMarkWarning: Unknown pytest.mark.integration - is this a typo?  You can register custom marks to avoid this warning - for details, see https://docs.pytest.org/en/stable/how-to/mark.html
    @pytest.mark.integration

-- Docs: https://docs.pytest.org/en/stable/how-to/capture-warnings.html
======================= 289 passed, 1 warning in 30.31s =======================
